// Jest Snapshot v1, https://goo.gl/fbAQLP

exports[`<FavoriteDropdown /> should render the dropdown with products 1`] = `null`;
