// Jest Snapshot v1, https://goo.gl/fbAQLP

exports[`<Card /> should render a card with default size and its info 1`] = `
.c1 {
  -webkit-text-decoration: none;
  text-decoration: none;
  cursor: pointer;
  border: none;
  display: -webkit-box;
  display: -webkit-flex;
  display: -ms-flexbox;
  display: flex;
  -webkit-box-pack: center;
  -webkit-justify-content: center;
  -ms-flex-pack: center;
  justify-content: center;
  -webkit-align-items: center;
  -webkit-box-align: center;
  -ms-flex-align: center;
  align-items: center;
  background: transparent;
  border: 1px solid #FFFFFF;
  color: #FFFFFF;
  -webkit-transition: border-color 0.1s ease-out;
  transition: border-color 0.1s ease-out;
  -webkit-transition: color 0.1s ease-out;
  transition: color 0.1s ease-out;
  padding: 0 2rem;
  height: 4.7rem;
}

.c1 span {
  font-weight: 300;
}

.c1:disabled {
  cursor: not-allowed;
}

.c1:hover {
  border-color: #e6e6e6;
  color: #e6e6e6;
}

.c1:hover svg {
  color: #e6e6e6 !important;
}

.c1 span {
  font-size: 1.8rem;
}

.c0 {
  position: relative;
  display: -webkit-box;
  display: -webkit-flex;
  display: -ms-flexbox;
  display: flex;
  -webkit-flex-direction: column;
  -ms-flex-direction: column;
  flex-direction: column;
  gap: 1.6rem;
  min-height: 39rem;
  padding: 3.2rem;
  border-radius: 5px;
  background-color: #8787ff;
}

.c0 h4 {
  font-size: 4rem;
  font-weight: 700;
  color: #FFFFFF;
  max-width: 32rem;
}

.c0 p {
  font-size: 1.8rem;
  color: #f3f3f3;
  max-width: 47rem;
}

.c0 button {
  max-width: 20rem;
}

.c2 {
  position: absolute;
  bottom: 0;
  right: 3rem;
  width: 29rem;
  height: 20rem;
}

@media (max-width:950px) and (min-width:760px) {
  .c2 {
    display: none;
  }
}

<div
  class="c0"
>
  <h4>
    Teste
  </h4>
  <button
    class="c1"
    href="/products"
  >
    <span>
      Ver mais
    </span>
  </button>
  <div
    class="c2"
  >
    <span
      style="box-sizing: border-box; display: block; overflow: hidden; background: none; opacity: 1; border: 0px; margin: 0px; padding: 0px; position: absolute; top: 0px; left: 0px; bottom: 0px; right: 0px;"
    >
      <img
        alt="Teste"
        data-nimg="fill"
        decoding="async"
        src="data:image/jpeg;base64,/9j/4AAQSkZJRgABAQAAAQABAAD/2wCEAAkGBxAQEA8PDQ0NDQ8PDQ8PDw4NDQ8NDw0PFREWFhURFRUYHSggGBolGxMVITEhJSkrLi4vFx8zODMtNygtLisBCgoKDg0NDw8PDy0ZFRkrKysrKysrLS0tNy0tKy0rKy0rLTcrKysrKys3LSsrKysrKysrKysrKysrKysrKysrK//AABEIANsA5gMBIgACEQEDEQH/xAAbAAEAAgMBAQAAAAAAAAAAAAAAAQIDBAUGB//EAEUQAAIBAgIGBQcIBgsAAAAAAAABAgMRBCEFEjFBUWEGInGBkQcTMnKhscEjM0JSYrLR4RQlQ2NzohUkNDVTgpKzw/Dx/8QAFgEBAQEAAAAAAAAAAAAAAAAAAAEC/8QAFhEBAQEAAAAAAAAAAAAAAAAAAAER/9oADAMBAAIRAxEAPwD7iCABIBAEkAASCspJbWl25GrW0hTjsvJ/ZXxA3CGzjVtKzfoJQ5vrM0K0pz9Ocpcm8vAuDu1NJUk9VTUpZ9WHW2c9iNRaSnJ3soK7y9K/azmUqSi01a6dzdcE1df+Fwb0Mc98U+x2Mixy3xl7DlrLj4h1eYwdR46P1Zewxz0klsh4s5cq5SMpSdoptjIOnRx85zSSilvyew3VXW/L2mjhqWos85Pby5FpMYOhGSex3LHNUjJGu1vv25kwbwNWOLW9eBlhXi9jXfkQZQQSAAIAkEEgAQAAJAAgkAVnNJNtpJK7bySXE4WI01Ko9XD5R/xGs5eqty5s5PSHS0q9d4Wk/kaUrVWv2tT6vYvf2G9gaNkiyDLGMnnJuT4ttsl0zOLGhr6hGobNhqga2qWhJoz6hDpgTCSf5mR4aD+j4NlYUkX1CCqwkF9DxbMqaWSSXJIrYlRAhyuLFrADGyDIyLBWKSIijNqkaoGWjXa/A3adRSOa0TTqNDB1AUpT1lcuZQAAAAAAAAOZ0k0j+i4WtWv1owahzqSyj7Wjpniem2J89isJgk7xi3iKy7E9RPwl4oDV0Pg0oqW261m3td87vmd5PVipLZZN9hztBK6nF7NZpcrt5HVwnzcL7rwfdkbGSLTV0DUU/NT1H6Ld4vhyNxO5FCSEWCCAJSCrRLBIskBUkmwsEVBIAgEgCCGSVkBJjmZHwIkviwM+CqZ24o3TjU6lpJ879yZ2EyUSACAAAAAArUmopyk0oxTbb2JJXbPlWg8W8TpCpiJftvOuKe6GSgu6KR6/yiaR8zg5U4u08VJUI8dV5zf+lNd6PHdHIebrUf8AMvYWD1eh6fztPY7KS7U3+RvYKd3Ug9t1Nc+JhUfN1oyWyXx/OxsVqerVi1vvb8CjBj43i1vi7rsZjwGK+i9pk0lL6S2PLvW45LbTuuQV6NBGhhcTnqyN5MIui8UUijIkFWRISJRBAJIAiwsXsVaAqAxcogondkVZmONS2bAzlJvbxeSKUql8yXLfuWzm+JUYZbbcEo9518JO8VyyORb0ecrnQwM82uK9qJRvAAyAAAAGrpPGxw9GrXqehRpTqSttair2A+b9N8b+kaShQjnDCw1Xw87O0pezVXczJSo6tal63vRxOjClWxDr1c51ZzqTe3rSk38T1GkKerOEvtI2PRzp69P7Uc0ZaXykIv6UfeiuFllF7mkXjHUm7ejJX7GiDlaTq2vF5a/sktq7d5zVPPjmb3SOpF9V5N5p8GtkkcHAVb3clZ60r9zaCx2aF73b/I69BnGws75o62FmUregjIjHBmREFkibBEkFWQyzKgSmGVAEMxznYu2ateXAqKVKhqVqt+otr28lvMk07HLjiF5xpvhfkUdyisrbltLt37Fs7TWpVdayjv2vgjZjuS2ICs31orgjPTnZp8Gayd5N/wDcjNDO4HYTJNfA1LwtvjkzYMACCQBq6UwFPE0alCtHWp1I6sknZ8U0+KaT7jaAHz/R/RmpgpyT+UpX6lRK2XB8HyN7SFDWjeObi07b/A9i0aWI0ZTnmlqPjE1o5+j3eFmbTV1Z+lHNcy9PAyjvUu3aXnRl9XwA8P0nqasrZ2zattizVr4GWHlGFR3nKnTqSytquUfR7rHcxmip1sZQTpz82pqdSTT1dWOdm7b7Jd5r9OssVTf1qC9k5fiFUwFS+R1aW3I4mCeyx3MO7LMFbtFs2os1KLNpBGRMm5RFhglsi4AxQAMgozWqo2ZGvURRrNZ24s4/SGn5nEOMVFRklNJJXSe1rvTO5T+cgvtx95pdOtDVq/mauGh5ydPWjOKaUnB2aa42afiBi0dWVuq732t5M6aeWW3ccXQuBxKVp0Jwf2ov8T0dHBTfpZdrXwKNanC3huNuhRb2LLjuNqlg4rb1vYvA2DOopRpKKsu98TIAQAABAJAAAAAAAPC+UeNqmElxVWL7nF/FnujxHlN9HCP97UX8q/AQjR0XmkdmkcHQ88kd+ibWt6mbMDVps2IMgzWJRCZIQILEEUIZYoyirMNQzswVQMGHzqw9ePvPQHAwvzkPXR3yVAAEAAAAAAAAEAkAAABBIAA8N5Un8nhf40/uo9yeD8qr6mDX72p91Ajk6Ilkj0uDV8zzGh1ey8T1mHSSXYbWthMywka8TJDaBuwLoxUmZEyCSESQQWKMsVYFWYaiMzMdQowYb5yHro7xwcP85D14ndJUSACCCQAAAAgEgCCQAAAAgkACD5/5WJf2JcZ1n7IfifQT5z5WZfKYBcsQ/wDbCxq6CjZLsPSUXex5/QyWqj0WHRsrYhkZKK3mFu+SNqOSIjLTMiMVMyoCxAuLhUlSSAikytRZFqhD2BWCivlIevH3ncOLTXXj68fedolQABAAAAAAQCQAAAAAAAAAPmnlXl8vglwp1X4yj+B9LPmHlVl/W8KuGHk/Gf5BYtoN9Vdh6KE7I87oRWijv0I6z5I2jcw8d7MmtdlW7ItCOQGeDMpgpmdEAAkAVkyxWYUnsMcXkZTAtr7QKp9aPrx952zitZrtj7ztEqAAIAAAAAAAAAAAgkAAAAB8v8p0b47DcsL/AMkj6gfL/KO/1hSXDCQ9tSoIsZtGRySXA9Fh1ZHH0JDqps7V9xoqYPWZsy4FKMLK5khG7AyQReJCiWSAsAABEiSGgisXkYp7e1GWG9GOrtT52Cqrd3HZOJPJ+07aJUSACAAAAAAAAAAAIJAAAAAfK/KDL9Zx5Yakv5pv4n1Q+T9PM9KSXChR+LEWO7ozKK7DrYeN82cfRSuktyR2lKysjYyye5GeCsYaMd72mdMgsiyKosgVIDAQIZJDAo9pWssn4k1CZZoKxT2X5HXpPqx9Ve44ylk12o6+Gd4Qf2I+4lRlABBBIAAAAAAAAAEEgAAAAPkvTf8AvWp/Co/dPrR8k6bS/W1TlSo/dQWPQaM6sUdWgt7OPox3S5ZHagjY2YsyIw02ZkQXRZFEyUFrIQEGGUFWyblWFkGVg9qJKbGBhr5M7GCfycPVRx8VmdbR3zUOx+9io2QAZAAAAAAAAAAgCQQSAAIAk+ddJuiOLnj6mLoKNWnVUHbWip03GCi1Z7V1b5cT6KQB4/Ruj60IpTpST9RnSjSe+LXijvgujiU1yfiZork/YdSy4Eai4LwQ1XMduZKtz8DounH6q8EPNx+qvBDTWil2kPvOhqLgvBDUXBeA1HOsufsIa5M6diRq65apt7n4Mt+jTe63sOkBqOd/RzfpSS7M2btCkoRUY7FxMgRNAAAAAAAIAkAAf//Z"
        style="position: absolute; top: 0px; left: 0px; bottom: 0px; right: 0px; box-sizing: border-box; padding: 0px; margin: auto; display: block; width: 0px; height: 0px; min-width: 100%; max-width: 100%; min-height: 100%; max-height: 100%;"
      />
    </span>
  </div>
</div>
`;

exports[`<Card /> should render a card with large size and its info 1`] = `
.c1 {
  -webkit-text-decoration: none;
  text-decoration: none;
  cursor: pointer;
  border: none;
  display: -webkit-box;
  display: -webkit-flex;
  display: -ms-flexbox;
  display: flex;
  -webkit-box-pack: center;
  -webkit-justify-content: center;
  -ms-flex-pack: center;
  justify-content: center;
  -webkit-align-items: center;
  -webkit-box-align: center;
  -ms-flex-align: center;
  align-items: center;
  background: transparent;
  border: 1px solid #FFFFFF;
  color: #FFFFFF;
  -webkit-transition: border-color 0.1s ease-out;
  transition: border-color 0.1s ease-out;
  -webkit-transition: color 0.1s ease-out;
  transition: color 0.1s ease-out;
  padding: 0 2rem;
  height: 4.7rem;
}

.c1 span {
  font-weight: 300;
}

.c1:disabled {
  cursor: not-allowed;
}

.c1:hover {
  border-color: #e6e6e6;
  color: #e6e6e6;
}

.c1:hover svg {
  color: #e6e6e6 !important;
}

.c1 span {
  font-size: 1.8rem;
}

.c0 {
  position: relative;
  display: -webkit-box;
  display: -webkit-flex;
  display: -ms-flexbox;
  display: flex;
  -webkit-flex-direction: column;
  -ms-flex-direction: column;
  flex-direction: column;
  -webkit-box-pack: justify;
  -webkit-justify-content: space-between;
  -ms-flex-pack: justify;
  justify-content: space-between;
  gap: 1.6rem;
  min-height: 39rem;
  padding: 3.2rem;
  border-radius: 5px;
  background-color: #8787ff;
}

.c0 h4 {
  font-size: 4rem;
  font-weight: 700;
  color: #FFFFFF;
  max-width: 32rem;
}

.c0 p {
  font-size: 1.8rem;
  color: #f3f3f3;
  max-width: 47rem;
}

.c0 button {
  max-width: 20rem;
}

.c2 {
  position: absolute;
  bottom: 0;
  right: 3rem;
  width: 40rem;
  height: 30rem;
}

@media (max-width:850px) {
  .c2 {
    display: none;
  }
}

<div
  class="c0"
>
  <h4>
    Teste
  </h4>
  <p />
  <button
    class="c1"
  >
    <span>
      Ver mais
    </span>
  </button>
  <div
    class="c2"
  >
    <span
      style="box-sizing: border-box; display: block; overflow: hidden; background: none; opacity: 1; border: 0px; margin: 0px; padding: 0px; position: absolute; top: 0px; left: 0px; bottom: 0px; right: 0px;"
    >
      <img
        alt="Teste"
        data-nimg="fill"
        decoding="async"
        src="data:image/jpeg;base64,/9j/4AAQSkZJRgABAQAAAQABAAD/2wCEAAkGBxAQEA8PDQ0NDQ8PDQ8PDw4NDQ8NDw0PFREWFhURFRUYHSggGBolGxMVITEhJSkrLi4vFx8zODMtNygtLisBCgoKDg0NDw8PDy0ZFRkrKysrKysrLS0tNy0tKy0rKy0rLTcrKysrKys3LSsrKysrKysrKysrKysrKysrKysrK//AABEIANsA5gMBIgACEQEDEQH/xAAbAAEAAgMBAQAAAAAAAAAAAAAAAQIDBAUGB//EAEUQAAIBAgIGBQcIBgsAAAAAAAABAgMRBCEFEjFBUWEGInGBkQcTMnKhscEjM0JSYrLR4RQlQ2NzohUkNDVTgpKzw/Dx/8QAFgEBAQEAAAAAAAAAAAAAAAAAAAEC/8QAFhEBAQEAAAAAAAAAAAAAAAAAAAER/9oADAMBAAIRAxEAPwD7iCABIBAEkAASCspJbWl25GrW0hTjsvJ/ZXxA3CGzjVtKzfoJQ5vrM0K0pz9Ocpcm8vAuDu1NJUk9VTUpZ9WHW2c9iNRaSnJ3soK7y9K/azmUqSi01a6dzdcE1df+Fwb0Mc98U+x2Mixy3xl7DlrLj4h1eYwdR46P1Zewxz0klsh4s5cq5SMpSdoptjIOnRx85zSSilvyew3VXW/L2mjhqWos85Pby5FpMYOhGSex3LHNUjJGu1vv25kwbwNWOLW9eBlhXi9jXfkQZQQSAAIAkEEgAQAAJAAgkAVnNJNtpJK7bySXE4WI01Ko9XD5R/xGs5eqty5s5PSHS0q9d4Wk/kaUrVWv2tT6vYvf2G9gaNkiyDLGMnnJuT4ttsl0zOLGhr6hGobNhqga2qWhJoz6hDpgTCSf5mR4aD+j4NlYUkX1CCqwkF9DxbMqaWSSXJIrYlRAhyuLFrADGyDIyLBWKSIijNqkaoGWjXa/A3adRSOa0TTqNDB1AUpT1lcuZQAAAAAAAAOZ0k0j+i4WtWv1owahzqSyj7Wjpniem2J89isJgk7xi3iKy7E9RPwl4oDV0Pg0oqW261m3td87vmd5PVipLZZN9hztBK6nF7NZpcrt5HVwnzcL7rwfdkbGSLTV0DUU/NT1H6Ld4vhyNxO5FCSEWCCAJSCrRLBIskBUkmwsEVBIAgEgCCGSVkBJjmZHwIkviwM+CqZ24o3TjU6lpJ879yZ2EyUSACAAAAAArUmopyk0oxTbb2JJXbPlWg8W8TpCpiJftvOuKe6GSgu6KR6/yiaR8zg5U4u08VJUI8dV5zf+lNd6PHdHIebrUf8AMvYWD1eh6fztPY7KS7U3+RvYKd3Ug9t1Nc+JhUfN1oyWyXx/OxsVqerVi1vvb8CjBj43i1vi7rsZjwGK+i9pk0lL6S2PLvW45LbTuuQV6NBGhhcTnqyN5MIui8UUijIkFWRISJRBAJIAiwsXsVaAqAxcogondkVZmONS2bAzlJvbxeSKUql8yXLfuWzm+JUYZbbcEo9518JO8VyyORb0ecrnQwM82uK9qJRvAAyAAAAGrpPGxw9GrXqehRpTqSttair2A+b9N8b+kaShQjnDCw1Xw87O0pezVXczJSo6tal63vRxOjClWxDr1c51ZzqTe3rSk38T1GkKerOEvtI2PRzp69P7Uc0ZaXykIv6UfeiuFllF7mkXjHUm7ejJX7GiDlaTq2vF5a/sktq7d5zVPPjmb3SOpF9V5N5p8GtkkcHAVb3clZ60r9zaCx2aF73b/I69BnGws75o62FmUregjIjHBmREFkibBEkFWQyzKgSmGVAEMxznYu2ateXAqKVKhqVqt+otr28lvMk07HLjiF5xpvhfkUdyisrbltLt37Fs7TWpVdayjv2vgjZjuS2ICs31orgjPTnZp8Gayd5N/wDcjNDO4HYTJNfA1LwtvjkzYMACCQBq6UwFPE0alCtHWp1I6sknZ8U0+KaT7jaAHz/R/RmpgpyT+UpX6lRK2XB8HyN7SFDWjeObi07b/A9i0aWI0ZTnmlqPjE1o5+j3eFmbTV1Z+lHNcy9PAyjvUu3aXnRl9XwA8P0nqasrZ2zattizVr4GWHlGFR3nKnTqSytquUfR7rHcxmip1sZQTpz82pqdSTT1dWOdm7b7Jd5r9OssVTf1qC9k5fiFUwFS+R1aW3I4mCeyx3MO7LMFbtFs2os1KLNpBGRMm5RFhglsi4AxQAMgozWqo2ZGvURRrNZ24s4/SGn5nEOMVFRklNJJXSe1rvTO5T+cgvtx95pdOtDVq/mauGh5ydPWjOKaUnB2aa42afiBi0dWVuq732t5M6aeWW3ccXQuBxKVp0Jwf2ov8T0dHBTfpZdrXwKNanC3huNuhRb2LLjuNqlg4rb1vYvA2DOopRpKKsu98TIAQAABAJAAAAAAAPC+UeNqmElxVWL7nF/FnujxHlN9HCP97UX8q/AQjR0XmkdmkcHQ88kd+ibWt6mbMDVps2IMgzWJRCZIQILEEUIZYoyirMNQzswVQMGHzqw9ePvPQHAwvzkPXR3yVAAEAAAAAAAAEAkAAABBIAA8N5Un8nhf40/uo9yeD8qr6mDX72p91Ajk6Ilkj0uDV8zzGh1ey8T1mHSSXYbWthMywka8TJDaBuwLoxUmZEyCSESQQWKMsVYFWYaiMzMdQowYb5yHro7xwcP85D14ndJUSACCCQAAAAgEgCCQAAAAgkACD5/5WJf2JcZ1n7IfifQT5z5WZfKYBcsQ/wDbCxq6CjZLsPSUXex5/QyWqj0WHRsrYhkZKK3mFu+SNqOSIjLTMiMVMyoCxAuLhUlSSAikytRZFqhD2BWCivlIevH3ncOLTXXj68fedolQABAAAAAAQCQAAAAAAAAAPmnlXl8vglwp1X4yj+B9LPmHlVl/W8KuGHk/Gf5BYtoN9Vdh6KE7I87oRWijv0I6z5I2jcw8d7MmtdlW7ItCOQGeDMpgpmdEAAkAVkyxWYUnsMcXkZTAtr7QKp9aPrx952zitZrtj7ztEqAAIAAAAAAAAAAAgkAAAAB8v8p0b47DcsL/AMkj6gfL/KO/1hSXDCQ9tSoIsZtGRySXA9Fh1ZHH0JDqps7V9xoqYPWZsy4FKMLK5khG7AyQReJCiWSAsAABEiSGgisXkYp7e1GWG9GOrtT52Cqrd3HZOJPJ+07aJUSACAAAAAAAAAAAIJAAAAAfK/KDL9Zx5Yakv5pv4n1Q+T9PM9KSXChR+LEWO7ozKK7DrYeN82cfRSuktyR2lKysjYyye5GeCsYaMd72mdMgsiyKosgVIDAQIZJDAo9pWssn4k1CZZoKxT2X5HXpPqx9Ve44ylk12o6+Gd4Qf2I+4lRlABBBIAAAAAAAAAEEgAAAAPkvTf8AvWp/Co/dPrR8k6bS/W1TlSo/dQWPQaM6sUdWgt7OPox3S5ZHagjY2YsyIw02ZkQXRZFEyUFrIQEGGUFWyblWFkGVg9qJKbGBhr5M7GCfycPVRx8VmdbR3zUOx+9io2QAZAAAAAAAAAAgCQQSAAIAk+ddJuiOLnj6mLoKNWnVUHbWip03GCi1Z7V1b5cT6KQB4/Ruj60IpTpST9RnSjSe+LXijvgujiU1yfiZork/YdSy4Eai4LwQ1XMduZKtz8DounH6q8EPNx+qvBDTWil2kPvOhqLgvBDUXBeA1HOsufsIa5M6diRq65apt7n4Mt+jTe63sOkBqOd/RzfpSS7M2btCkoRUY7FxMgRNAAAAAAAIAkAAf//Z"
        style="position: absolute; top: 0px; left: 0px; bottom: 0px; right: 0px; box-sizing: border-box; padding: 0px; margin: auto; display: block; width: 0px; height: 0px; min-width: 100%; max-width: 100%; min-height: 100%; max-height: 100%;"
      />
    </span>
  </div>
</div>
`;
